// Jest Snapshot v1, https://goo.gl/fbAQLP

exports[`Testing App.js 1`] = `
<RCTSafeAreaView
  emulateUnlessSupported={true}
  style={
    Object {
      "alignItems": "center",
      "flex": 1,
      "justifyContent": "center",
    }
  }
>
  <ActivityIndicator
    animating={true}
    color="#cd2121"
    hidesWhenStopped={true}
    size="small"
  />
  <Text
    style={
      Object {
        "marginTop": 15.714285714285714,
      }
    }
  >
    
  </Text>
</RCTSafeAreaView>
`;
